###############################################################################
#                                                                             #
# IAR ELF Linker V6.10.1.52143/W32 for ARM              23/Jul/2013  22:43:42 #
# Copyright 2007-2010 IAR Systems AB.                                         #
#                                                                             #
#    Output file  =  X:\Rt_thread_OnStm32\kernel_finsh\Debug\Exe\project.out  #
#    Map file     =  X:\Rt_thread_OnStm32\kernel_finsh\Debug\List\project.map #
#    Command line =  X:\Rt_thread_OnStm32\kernel_finsh\Debug\Obj\application. #
#                    o X:\Rt_thread_OnStm32\kernel_finsh\Debug\Obj\board.o    #
#                    X:\Rt_thread_OnStm32\kernel_finsh\Debug\Obj\clock.o      #
#                    X:\Rt_thread_OnStm32\kernel_finsh\Debug\Obj\cmd.o        #
#                    X:\Rt_thread_OnStm32\kernel_finsh\Debug\Obj\context_iar. #
#                    o X:\Rt_thread_OnStm32\kernel_finsh\Debug\Obj\core_cm3.o #
#                     X:\Rt_thread_OnStm32\kernel_finsh\Debug\Obj\cpu.o       #
#                    X:\Rt_thread_OnStm32\kernel_finsh\Debug\Obj\device.o     #
#                    X:\Rt_thread_OnStm32\kernel_finsh\Debug\Obj\fault.o      #
#                    X:\Rt_thread_OnStm32\kernel_finsh\Debug\Obj\fault_iar.o  #
#                    X:\Rt_thread_OnStm32\kernel_finsh\Debug\Obj\finsh_compil #
#                    er.o X:\Rt_thread_OnStm32\kernel_finsh\Debug\Obj\finsh_e #
#                    rror.o X:\Rt_thread_OnStm32\kernel_finsh\Debug\Obj\finsh #
#                    _heap.o X:\Rt_thread_OnStm32\kernel_finsh\Debug\Obj\fins #
#                    h_init.o X:\Rt_thread_OnStm32\kernel_finsh\Debug\Obj\fin #
#                    sh_node.o X:\Rt_thread_OnStm32\kernel_finsh\Debug\Obj\fi #
#                    nsh_ops.o X:\Rt_thread_OnStm32\kernel_finsh\Debug\Obj\fi #
#                    nsh_parser.o X:\Rt_thread_OnStm32\kernel_finsh\Debug\Obj #
#                    \finsh_token.o X:\Rt_thread_OnStm32\kernel_finsh\Debug\O #
#                    bj\finsh_var.o X:\Rt_thread_OnStm32\kernel_finsh\Debug\O #
#                    bj\finsh_vm.o X:\Rt_thread_OnStm32\kernel_finsh\Debug\Ob #
#                    j\idle.o X:\Rt_thread_OnStm32\kernel_finsh\Debug\Obj\int #
#                    errupt.o X:\Rt_thread_OnStm32\kernel_finsh\Debug\Obj\ipc #
#                    .o X:\Rt_thread_OnStm32\kernel_finsh\Debug\Obj\irq.o     #
#                    X:\Rt_thread_OnStm32\kernel_finsh\Debug\Obj\kservice.o   #
#                    X:\Rt_thread_OnStm32\kernel_finsh\Debug\Obj\mem.o        #
#                    X:\Rt_thread_OnStm32\kernel_finsh\Debug\Obj\mempool.o    #
#                    X:\Rt_thread_OnStm32\kernel_finsh\Debug\Obj\misc.o       #
#                    X:\Rt_thread_OnStm32\kernel_finsh\Debug\Obj\object.o     #
#                    X:\Rt_thread_OnStm32\kernel_finsh\Debug\Obj\scheduler.o  #
#                    X:\Rt_thread_OnStm32\kernel_finsh\Debug\Obj\serial.o     #
#                    X:\Rt_thread_OnStm32\kernel_finsh\Debug\Obj\shell.o      #
#                    X:\Rt_thread_OnStm32\kernel_finsh\Debug\Obj\slab.o       #
#                    X:\Rt_thread_OnStm32\kernel_finsh\Debug\Obj\stack.o      #
#                    X:\Rt_thread_OnStm32\kernel_finsh\Debug\Obj\start_iar.o  #
#                    X:\Rt_thread_OnStm32\kernel_finsh\Debug\Obj\startup.o    #
#                    X:\Rt_thread_OnStm32\kernel_finsh\Debug\Obj\stm32f10x_ad #
#                    c.o X:\Rt_thread_OnStm32\kernel_finsh\Debug\Obj\stm32f10 #
#                    x_bkp.o X:\Rt_thread_OnStm32\kernel_finsh\Debug\Obj\stm3 #
#                    2f10x_can.o X:\Rt_thread_OnStm32\kernel_finsh\Debug\Obj\ #
#                    stm32f10x_crc.o X:\Rt_thread_OnStm32\kernel_finsh\Debug\ #
#                    Obj\stm32f10x_dac.o X:\Rt_thread_OnStm32\kernel_finsh\De #
#                    bug\Obj\stm32f10x_dbgmcu.o X:\Rt_thread_OnStm32\kernel_f #
#                    insh\Debug\Obj\stm32f10x_dma.o                           #
#                    X:\Rt_thread_OnStm32\kernel_finsh\Debug\Obj\stm32f10x_ex #
#                    ti.o X:\Rt_thread_OnStm32\kernel_finsh\Debug\Obj\stm32f1 #
#                    0x_flash.o X:\Rt_thread_OnStm32\kernel_finsh\Debug\Obj\s #
#                    tm32f10x_fsmc.o X:\Rt_thread_OnStm32\kernel_finsh\Debug\ #
#                    Obj\stm32f10x_gpio.o X:\Rt_thread_OnStm32\kernel_finsh\D #
#                    ebug\Obj\stm32f10x_i2c.o X:\Rt_thread_OnStm32\kernel_fin #
#                    sh\Debug\Obj\stm32f10x_it.o                              #
#                    X:\Rt_thread_OnStm32\kernel_finsh\Debug\Obj\stm32f10x_iw #
#                    dg.o X:\Rt_thread_OnStm32\kernel_finsh\Debug\Obj\stm32f1 #
#                    0x_pwr.o X:\Rt_thread_OnStm32\kernel_finsh\Debug\Obj\stm #
#                    32f10x_rcc.o X:\Rt_thread_OnStm32\kernel_finsh\Debug\Obj #
#                    \stm32f10x_rtc.o X:\Rt_thread_OnStm32\kernel_finsh\Debug #
#                    \Obj\stm32f10x_sdio.o X:\Rt_thread_OnStm32\kernel_finsh\ #
#                    Debug\Obj\stm32f10x_spi.o X:\Rt_thread_OnStm32\kernel_fi #
#                    nsh\Debug\Obj\stm32f10x_tim.o                            #
#                    X:\Rt_thread_OnStm32\kernel_finsh\Debug\Obj\stm32f10x_us #
#                    art.o X:\Rt_thread_OnStm32\kernel_finsh\Debug\Obj\stm32f #
#                    10x_wwdg.o X:\Rt_thread_OnStm32\kernel_finsh\Debug\Obj\s #
#                    ymbol.o X:\Rt_thread_OnStm32\kernel_finsh\Debug\Obj\syst #
#                    em_stm32f10x.o X:\Rt_thread_OnStm32\kernel_finsh\Debug\O #
#                    bj\thread.o X:\Rt_thread_OnStm32\kernel_finsh\Debug\Obj\ #
#                    timer.o X:\Rt_thread_OnStm32\kernel_finsh\Debug\Obj\usar #
#                    t.o --redirect _Printf=_PrintfTiny --redirect            #
#                    _Scanf=_ScanfSmall -o X:\Rt_thread_OnStm32\kernel_finsh\ #
#                    Debug\Exe\project.out --map                              #
#                    X:\Rt_thread_OnStm32\kernel_finsh\Debug\List\project.map #
#                     --config X:\Rt_thread_OnStm32\kernel_finsh\stm32f10x_fl #
#                    ash.icf --entry __iar_program_start                      #
#                                                                             #
#                                                                             #
###############################################################################

*******************************************************************************
*** RUNTIME MODEL ATTRIBUTES
***

CppFlavor       = *
__SystemLibrary = DLib


*******************************************************************************
*** PLACEMENT SUMMARY
***

"A1":  place at 0x08000000 { ro section .intvec };
"P1":  place in [from 0x08000000 to 0x0807ffff] { ro };
"P2":  place in [from 0x20000000 to 0x2000ffff] {
          rw, block CSTACK, last block HEAP };

  Section            Kind        Address    Size  Object
  -------            ----        -------    ----  ------
"A1":                                      0x150
  .intvec            ro code  0x08000000   0x150  start_iar.o [1]
                            - 0x08000150   0x150

"P1":                                     0x8f7c
  .text              ro code  0x08000150  0x1930  finsh_compiler.o [1]
  .text              ro code  0x08001a80   0x120  finsh_error.o [1]
  .text              ro code  0x08001ba0    0x14  shell.o [1]
  .text              ro code  0x08001bb4    0x66  ABImemset.o [4]
  .text              ro code  0x08001c1a    0x2e  copy_init3.o [4]
  .text              ro code  0x08001c48   0xd34  cmd.o [1]
  .text              ro code  0x0800297c   0x5dc  kservice.o [1]
  .text              ro code  0x08002f58    0x14  cmd.o [1]
  .text              ro code  0x08002f6c    0x10  timer.o [1]
  .text              ro code  0x08002f7c    0x3c  clock.o [1]
  .text              ro code  0x08002fb8    0x70  ABImemcpy.o [4]
  .text              ro code  0x08003028    0x36  strlen.o [4]
  .text              ro code  0x0800305e    0x22  zero_init3.o [4]
  .text              ro code  0x08003080   0x5ac  thread.o [1]
  .text              ro code  0x0800362c    0x32  kservice.o [1]
  .text              ro code  0x0800365e    0x22  kservice.o [1]
  .text              ro code  0x08003680   0x334  device.o [1]
  .text              ro code  0x080039b4   0x314  timer.o [1]
  .text              ro code  0x08003cc8     0x6  timer.o [1]
  .text              ro code  0x08003cce    0x64  stack.o [1]
  .text              ro code  0x08003d34   0x260  object.o [1]
  .text              ro code  0x08003f94   0x82c  mem.o [1]
  .text              ro code  0x080047c0    0xb0  context_iar.o [1]
  .text              ro code  0x08004870   0x4e4  scheduler.o [1]
  .text              ro code  0x08004d54     0xe  thread.o [1]
  .text              ro code  0x08004d62    0x12  timer.o [1]
  .text              ro code  0x08004d74     0xe  timer.o [1]
  .text              ro code  0x08004d84   0x1b8  ipc.o [1]
  .text              ro code  0x08004f3c     0xc  ipc.o [1]
  .text              ro code  0x08004f48    0x66  ipc.o [1]
  .text              ro code  0x08004fae     0xe  ipc.o [1]
  .text              ro code  0x08004fbc   0xba8  finsh_ops.o [1]
  .text              ro code  0x08005b64   0x97c  finsh_parser.o [1]
  .text              ro code  0x080064e0   0x110  finsh_var.o [1]
  .text              ro code  0x080065f0   0x698  finsh_token.o [1]
  .text              ro code  0x08006c88   0x180  finsh_node.o [1]
  .text              ro code  0x08006e08    0x6c  strncpy.o [4]
  .text              ro code  0x08006e74    0x2a  strncmp.o [3]
  .text              ro code  0x08006ea0   0x730  shell.o [1]
  .text              ro code  0x080075d0     0x8  atoi.o [3]
  .text              ro code  0x080075d8     0x8  finsh_token.o [1]
  .text              ro code  0x080075e0    0xac  finsh_vm.o [1]
  .text              ro code  0x0800768c   0x210  finsh_heap.o [1]
  .text              ro code  0x0800789c    0x36  finsh_init.o [1]
  .text              ro code  0x080078d2     0xe  shell.o [1]
  .text              ro code  0x080078e0   0x17c  xstoul.o [3]
  .text              ro code  0x08007a5c    0x22  finsh_token.o [1]
  .text              ro code  0x08007a80    0x58  memchr.o [4]
  .text              ro code  0x08007ad8     0xc  errno.o [3]
  .text              ro code  0x08007ae4    0x10  finsh_token.o [1]
  .text              ro code  0x08007af4    0x10  finsh_token.o [1]
  .text              ro code  0x08007b04     0x2  xtls.o [3]
  .text              ro code  0x08007b08   0x594  serial.o [1]
  .text              ro code  0x0800809c   0x184  mempool.o [1]
  .text              ro code  0x08008220   0x166  stm32f10x_usart.o [1]
  .text              ro code  0x08008388    0x1c  stm32f10x_dma.o [1]
  .text              ro code  0x080083a4   0x11c  stm32f10x_rcc.o [1]
  .text              ro code  0x080084c0   0x160  application.o [1]
  .text              ro code  0x08008620   0x15c  system_stm32f10x.o [1]
  .text              ro code  0x0800877c   0x11c  usart.o [1]
  .text              ro code  0x08008898    0xd2  stm32f10x_gpio.o [1]
  .text              ro code  0x0800896c    0x84  misc.o [1]
  .text              ro code  0x080089f0   0x108  fault.o [1]
  Initializer bytes  ro data  0x08008af8    0xf0  <for P2 mid-1>
  .text              ro code  0x08008be8    0xc8  idle.o [1]
  FSymTab                     0x08008cb0    0xb4  <Block>
    FSymTab          const    0x08008cb0     0xc  application.o [1]
    FSymTab          const    0x08008cbc     0xc  application.o [1]
    FSymTab          const    0x08008cc8     0xc  cmd.o [1]
    FSymTab          const    0x08008cd4     0xc  cmd.o [1]
    FSymTab          const    0x08008ce0     0xc  cmd.o [1]
    FSymTab          const    0x08008cec     0xc  cmd.o [1]
    FSymTab          const    0x08008cf8     0xc  cmd.o [1]
    FSymTab          const    0x08008d04     0xc  cmd.o [1]
    FSymTab          const    0x08008d10     0xc  cmd.o [1]
    FSymTab          const    0x08008d1c     0xc  cmd.o [1]
    FSymTab          const    0x08008d28     0xc  cmd.o [1]
    FSymTab          const    0x08008d34     0xc  cmd.o [1]
    FSymTab          const    0x08008d40     0xc  cmd.o [1]
    FSymTab          const    0x08008d4c     0xc  cmd.o [1]
    FSymTab          const    0x08008d58     0xc  mem.o [1]
    FSymTab          const    0x08008d64     0x0  shell.o [1]
  .text              ro code  0x08008d64    0xa4  board.o [1]
  .text              ro code  0x08008e08    0x30  irq.o [1]
  .text              ro code  0x08008e38    0x60  startup.o [1]
  .text              ro code  0x08008e98    0x38  stm32f10x_it.o [1]
  .text              ro code  0x08008ed0    0x2c  data_init3.o [4]
  .iar.init_table    const    0x08008efc    0x24  - Linker created -
  .text              ro code  0x08008f20    0x1c  start_iar.o [1]
  .text              ro code  0x08008f3c    0x16  cmain.o [4]
  .text              ro code  0x08008f52     0x8  exit.o [3]
  .text              ro code  0x08008f5c     0xa  cexit.o [4]
  .text              ro code  0x08008f68     0xc  XXexit.o [4]
  .text              ro code  0x08008f74    0x14  fault_iar.o [1]
  VSymTab                     0x08008f88    0x10  <Block>
    VSymTab          const    0x08008f88    0x10  cmd.o [1]
    VSymTab          const    0x08008f98     0x0  shell.o [1]
  .text              ro code  0x08008f98     0xc  cstartup_M.o [4]
  .text              ro code  0x08008fa4     0x4  start_iar.o [1]
  .text              ro code  0x08008fa8     0x4  start_iar.o [1]
  .text              ro code  0x08008fac     0x4  start_iar.o [1]
  .text              ro code  0x08008fb0     0x4  start_iar.o [1]
  .text              ro code  0x08008fb4     0x4  start_iar.o [1]
  .text              ro code  0x08008fb8     0x4  start_iar.o [1]
  .text              ro code  0x08008fbc     0x4  start_iar.o [1]
  .text              ro code  0x08008fc0     0x4  start_iar.o [1]
  .text              ro code  0x08008fc4     0x4  start_iar.o [1]
  .text              ro code  0x08008fc8     0x4  start_iar.o [1]
  .text              ro code  0x08008fcc     0x4  start_iar.o [1]
  .text              ro code  0x08008fd0     0x4  start_iar.o [1]
  .text              ro code  0x08008fd4     0x4  start_iar.o [1]
  .text              ro code  0x08008fd8     0x4  start_iar.o [1]
  .text              ro code  0x08008fdc     0x4  start_iar.o [1]
  .text              ro code  0x08008fe0     0x4  start_iar.o [1]
  .text              ro code  0x08008fe4     0x4  start_iar.o [1]
  .text              ro code  0x08008fe8     0x4  start_iar.o [1]
  .text              ro code  0x08008fec     0x4  start_iar.o [1]
  .text              ro code  0x08008ff0     0x4  start_iar.o [1]
  .text              ro code  0x08008ff4     0x4  start_iar.o [1]
  .text              ro code  0x08008ff8     0x4  start_iar.o [1]
  .text              ro code  0x08008ffc     0x4  start_iar.o [1]
  .text              ro code  0x08009000     0x4  start_iar.o [1]
  .text              ro code  0x08009004     0x4  start_iar.o [1]
  .text              ro code  0x08009008     0x4  start_iar.o [1]
  .text              ro code  0x0800900c     0x4  start_iar.o [1]
  .text              ro code  0x08009010     0x4  start_iar.o [1]
  .text              ro code  0x08009014     0x4  start_iar.o [1]
  .text              ro code  0x08009018     0x4  start_iar.o [1]
  .text              ro code  0x0800901c     0x4  start_iar.o [1]
  .text              ro code  0x08009020     0x4  start_iar.o [1]
  .text              ro code  0x08009024     0x4  start_iar.o [1]
  .text              ro code  0x08009028     0x4  start_iar.o [1]
  .text              ro code  0x0800902c     0x4  start_iar.o [1]
  .text              ro code  0x08009030     0x4  start_iar.o [1]
  .text              ro code  0x08009034     0x4  start_iar.o [1]
  .text              ro code  0x08009038     0x4  start_iar.o [1]
  .text              ro code  0x0800903c     0x4  start_iar.o [1]
  .text              ro code  0x08009040     0x4  start_iar.o [1]
  .text              ro code  0x08009044     0x4  start_iar.o [1]
  .text              ro code  0x08009048     0x4  start_iar.o [1]
  .text              ro code  0x0800904c     0x4  start_iar.o [1]
  .text              ro code  0x08009050     0x4  start_iar.o [1]
  .text              ro code  0x08009054     0x4  start_iar.o [1]
  .text              ro code  0x08009058     0x4  start_iar.o [1]
  .text              ro code  0x0800905c     0x4  start_iar.o [1]
  .text              ro code  0x08009060     0x4  start_iar.o [1]
  .text              ro code  0x08009064     0x4  start_iar.o [1]
  .text              ro code  0x08009068     0x4  start_iar.o [1]
  .text              ro code  0x0800906c     0x4  start_iar.o [1]
  .text              ro code  0x08009070     0x4  start_iar.o [1]
  .text              ro code  0x08009074     0x4  start_iar.o [1]
  .text              ro code  0x08009078     0x4  start_iar.o [1]
  .text              ro code  0x0800907c     0x4  start_iar.o [1]
  .text              ro code  0x08009080     0x4  start_iar.o [1]
  .text              ro code  0x08009084     0x4  start_iar.o [1]
  .text              ro code  0x08009088     0x4  start_iar.o [1]
  .text              ro code  0x0800908c     0x4  start_iar.o [1]
  .text              ro code  0x08009090     0x4  start_iar.o [1]
  .text              ro code  0x08009094     0x4  start_iar.o [1]
  .text              ro code  0x08009098     0x4  start_iar.o [1]
  .text              ro code  0x0800909c     0x4  start_iar.o [1]
  .text              ro code  0x080090a0     0x4  start_iar.o [1]
  .text              ro code  0x080090a4     0x4  start_iar.o [1]
  .text              ro code  0x080090a8     0x4  start_iar.o [1]
  .text              ro code  0x080090ac     0x4  start_iar.o [1]
  .text              ro code  0x080090b0     0x4  start_iar.o [1]
  .text              ro code  0x080090b4     0x4  start_iar.o [1]
  .text              ro code  0x080090b8     0x4  start_iar.o [1]
  .text              ro code  0x080090bc     0x4  start_iar.o [1]
  .text              ro code  0x080090c0     0x4  start_iar.o [1]
  .text              ro code  0x080090c4     0x4  start_iar.o [1]
  .text              ro code  0x080090c8     0x4  start_iar.o [1]
                            - 0x080090cc  0x8f7c

"P2":                                     0x1850
  P2 mid-1                    0x20000000    0xf0  <Init block>
    .data            inited   0x20000000    0x3c  finsh_error.o [1]
    .data            inited   0x2000003c    0x90  object.o [1]
    .data            inited   0x200000cc    0x10  stm32f10x_rcc.o [1]
    .data            inited   0x200000dc     0x4  stm32f10x_rcc.o [1]
    .data            inited   0x200000e0     0x4  system_stm32f10x.o [1]
    .data            inited   0x200000e4     0xc  usart.o [1]
  .bss               zero     0x200000f0   0x400  application.o [1]
  .bss               zero     0x200004f0    0x80  application.o [1]
  .bss               zero     0x20000570     0x4  clock.o [1]
  .bss               zero     0x20000574     0x4  cmd.o [1]
  .bss               zero     0x20000578     0x4  finsh_compiler.o [1]
  .bss               zero     0x2000057c     0x4  finsh_compiler.o [1]
  .bss               zero     0x20000580    0x80  finsh_heap.o [1]
  .bss               zero     0x20000600     0x4  finsh_heap.o [1]
  .bss               zero     0x20000604     0x4  finsh_heap.o [1]
  .bss               zero     0x20000608   0x140  finsh_node.o [1]
  .bss               zero     0x20000748    0xc0  finsh_var.o [1]
  .bss               zero     0x20000808     0x4  finsh_var.o [1]
  .bss               zero     0x2000080c   0x100  finsh_vm.o [1]
  .bss               zero     0x2000090c    0x80  finsh_vm.o [1]
  .bss               zero     0x2000098c     0x4  finsh_vm.o [1]
  .bss               zero     0x20000990     0x4  finsh_vm.o [1]
  .bss               zero     0x20000994     0x4  finsh_vm.o [1]
  .bss               zero     0x20000998    0x80  idle.o [1]
  .bss               zero     0x20000a18   0x100  idle.o [1]
  .bss               zero     0x20000b18     0x4  idle.o [1]
  .bss               zero     0x20000b1c     0x4  interrupt.o [1]
  .bss               zero     0x20000b20     0x4  interrupt.o [1]
  .bss               zero     0x20000b24     0x4  interrupt.o [1]
  .bss               zero     0x20000b28     0x4  kservice.o [1]
  .bss               zero     0x20000b2c     0x4  kservice.o [1]
  .bss               zero     0x20000b30    0x80  kservice.o [1]
  .bss               zero     0x20000bb0     0x4  mem.o [1]
  .bss               zero     0x20000bb4     0x4  mem.o [1]
  .bss               zero     0x20000bb8     0x4  mem.o [1]
  .bss               zero     0x20000bbc     0x4  mem.o [1]
  .bss               zero     0x20000bc0     0x4  mem.o [1]
  .bss               zero     0x20000bc4    0x20  mem.o [1]
  .bss               zero     0x20000be4     0x4  mem.o [1]
  .bss               zero     0x20000be8     0x4  mem.o [1]
  .bss               zero     0x20000bec     0x4  mem.o [1]
  .bss               zero     0x20000bf0     0x4  mempool.o [1]
  .bss               zero     0x20000bf4     0x4  object.o [1]
  .bss               zero     0x20000bf8     0x4  object.o [1]
  .bss               zero     0x20000bfc     0x4  object.o [1]
  .bss               zero     0x20000c00     0x4  object.o [1]
  .bss               zero     0x20000c04     0x4  object.o [1]
  .bss               zero     0x20000c08   0x100  scheduler.o [1]
  .bss               zero     0x20000d08     0x4  scheduler.o [1]
  .bss               zero     0x20000d0c     0x4  scheduler.o [1]
  .bss               zero     0x20000d10     0x8  scheduler.o [1]
  .bss               zero     0x20000d18     0x4  scheduler.o [1]
  .bss               zero     0x20000d1c    0x80  shell.o [1]
  .bss               zero     0x20000d9c   0x800  shell.o [1]
  .bss               zero     0x2000159c     0x4  shell.o [1]
  .bss               zero     0x200015a0     0x4  symbol.o [1]
  .bss               zero     0x200015a4     0x4  symbol.o [1]
  .bss               zero     0x200015a8     0x4  symbol.o [1]
  .bss               zero     0x200015ac     0x4  symbol.o [1]
  .bss               zero     0x200015b0     0x8  timer.o [1]
  .bss               zero     0x200015b8     0x4  timer.o [1]
  .bss               zero     0x200015bc    0x48  usart.o [1]
  .bss               zero     0x20001604    0x40  usart.o [1]
  __DLIB_PERTHREAD   zero     0x20001644     0x4  errno.o [3]
  .bss               zero     0x20001648     0x2  scheduler.o [1]
  .bss               zero     0x2000164a     0x1  finsh_error.o [1]
  .bss               zero     0x2000164b     0x1  irq.o [1]
  .bss               zero     0x2000164c     0x1  scheduler.o [1]
  CSTACK                      0x20001650   0x200  <Block>
    CSTACK           uninit   0x20001650   0x200  <Block tail>
  HEAP                        0x20001850     0x0  <Block>
                            - 0x20001850  0x1850


*******************************************************************************
*** INIT TABLE
***

          Address     Size
          -------     ----
Zero (__iar_zero_init3)
    1 destination range, total size 0x155d:
          0x200000f0  0x155d

Copy (__iar_copy_init3)
    1 source range, total size 0xf0:
          0x08008af8    0xf0
    1 destination range, total size 0xf0:
          0x20000000    0xf0


*******************************************************************************
*** MODULE SUMMARY
***

    Module              ro code  ro data  rw data
    ------              -------  -------  -------
X:\Rt_thread_OnStm32\kernel_finsh\Debug\Obj: [1]
    application.o           352       24    1 152
    board.o                 164
    clock.o                  60                 4
    cmd.o                 3 400      160        4
    context_iar.o           176
    device.o                820
    fault.o                 264
    fault_iar.o              20
    finsh_compiler.o      6 448                 8
    finsh_error.o           288       60       61
    finsh_heap.o            528               136
    finsh_init.o             54
    finsh_node.o            384               320
    finsh_ops.o           2 984
    finsh_parser.o        2 428
    finsh_token.o         1 762
    finsh_var.o             272               196
    finsh_vm.o              172               396
    idle.o                  200               388
    interrupt.o                                12
    ipc.o                   568
    irq.o                    48                 1
    kservice.o            1 584               136
    mem.o                 2 092       12       64
    mempool.o               388                 4
    misc.o                  132
    object.o                608      144      164
    scheduler.o           1 252               279
    serial.o              1 428
    shell.o               1 874             2 180
    stack.o                 100
    start_iar.o             660
    startup.o                96
    stm32f10x_dma.o          28
    stm32f10x_gpio.o        210
    stm32f10x_it.o           56
    stm32f10x_rcc.o         284       20       20
    stm32f10x_usart.o       358
    symbol.o                                   16
    system_stm32f10x.o      348        4        4
    thread.o              1 466
    timer.o                 842                12
    usart.o                 284       12      148
    ---------------------------------------------
    Total:               35 482      436    5 705

command line: [2]
    ---------------------------------------------
    Total:

dl7M_tln.a: [3]
    atoi.o                    8
    errno.o                  12                 4
    exit.o                    8
    strncmp.o                42
    xstoul.o                380
    xtls.o                    2
    ---------------------------------------------
    Total:                  452                 4

rt7M_tl.a: [4]
    ABImemcpy.o             112
    ABImemset.o             102
    XXexit.o                 12
    cexit.o                  10
    cmain.o                  22
    copy_init3.o             46
    cstartup_M.o             12
    data_init3.o             44
    memchr.o                 88
    strlen.o                 54
    strncpy.o               108
    zero_init3.o             34
    ---------------------------------------------
    Total:                  644

    Gaps                     18                 3
    Linker created                    36      512
-------------------------------------------------
    Grand Total:         36 596      472    6 224


*******************************************************************************
*** ENTRY LIST
***

Entry                      Address    Size  Type      Object
-----                      -------    ----  ----      ------
?main                   0x08008f3d          Code  Gb  cmain.o [4]
ADC1_2_IRQHandler       0x08009005          Code  Wk  start_iar.o [1]
ADC3_IRQHandler         0x08009079          Code  Wk  start_iar.o [1]
ADCPrescTable           0x200000dc     0x4  Data  Lc  stm32f10x_rcc.o [1]
APBAHBPrescTable        0x200000cc    0x10  Data  Lc  stm32f10x_rcc.o [1]
BusFault_Handler        0x08008e9d     0x2  Code  Gb  stm32f10x_it.o [1]
CAN1_RX1_IRQHandler     0x08009011          Code  Wk  start_iar.o [1]
CAN1_SCE_IRQHandler     0x08009015          Code  Wk  start_iar.o [1]
CAN2_RX0_IRQHandler     0x080090bd          Code  Wk  start_iar.o [1]
CAN2_RX1_IRQHandler     0x080090c1          Code  Wk  start_iar.o [1]
CAN2_SCE_IRQHandler     0x080090c5          Code  Wk  start_iar.o [1]
CAN2_TX_IRQHandler      0x080090b9          Code  Wk  start_iar.o [1]
CSTACK$$Base            0x20001650           --   Gb  - Linker created -
CSTACK$$Limit           0x20001850           --   Gb  - Linker created -
DMA1_Channel1_IRQHandler
                        0x08008fe9          Code  Wk  start_iar.o [1]
DMA1_Channel2_IRQHandler
                        0x08008fed          Code  Wk  start_iar.o [1]
DMA1_Channel3_IRQHandler
                        0x08008ff1          Code  Wk  start_iar.o [1]
DMA1_Channel4_IRQHandler
                        0x08008ff5          Code  Wk  start_iar.o [1]
DMA1_Channel5_IRQHandler
                        0x08008ff9          Code  Wk  start_iar.o [1]
DMA1_Channel6_IRQHandler
                        0x08008ffd          Code  Wk  start_iar.o [1]
DMA1_Channel7_IRQHandler
                        0x08009001          Code  Wk  start_iar.o [1]
DMA2_Channel1_IRQHandler
                        0x0800909d          Code  Wk  start_iar.o [1]
DMA2_Channel2_IRQHandler
                        0x080090a1          Code  Wk  start_iar.o [1]
DMA2_Channel3_IRQHandler
                        0x080090a5          Code  Wk  start_iar.o [1]
DMA2_Channel4_5_IRQHandler
                        0x080090a9          Code  Wk  start_iar.o [1]
DMA2_Channel5_IRQHandler
                        0x080090ad          Code  Wk  start_iar.o [1]
DMA_Cmd                 0x08008389    0x1c  Code  Gb  stm32f10x_dma.o [1]
DMA_Configuration       0x0800881d     0x2  Code  Lc  usart.o [1]
DebugMon_Handler        0x08008ea3     0x2  Code  Gb  stm32f10x_it.o [1]
ETH_IRQHandler          0x080090b1          Code  Wk  start_iar.o [1]
ETH_WKUP_IRQHandler     0x080090b5          Code  Wk  start_iar.o [1]
EXTI0_IRQHandler        0x08008fd5          Code  Wk  start_iar.o [1]
EXTI15_10_IRQHandler    0x0800905d          Code  Wk  start_iar.o [1]
EXTI1_IRQHandler        0x08008fd9          Code  Wk  start_iar.o [1]
EXTI2_IRQHandler        0x08008fdd          Code  Wk  start_iar.o [1]
EXTI3_IRQHandler        0x08008fe1          Code  Wk  start_iar.o [1]
EXTI4_IRQHandler        0x08008fe5          Code  Wk  start_iar.o [1]
EXTI9_5_IRQHandler      0x08009019          Code  Wk  start_iar.o [1]
FLASH_IRQHandler        0x08008fcd          Code  Wk  start_iar.o [1]
FSMC_IRQHandler         0x0800907d          Code  Wk  start_iar.o [1]
FSymTab$$Base           0x08008cb0           --   Gb  - Linker created -
FSymTab$$Limit          0x08008d64           --   Gb  - Linker created -
GPIO_Configuration      0x0800879d    0x5c  Code  Lc  usart.o [1]
GPIO_Init               0x08008899    0xcc  Code  Gb  stm32f10x_gpio.o [1]
GPIO_SetBits            0x08008965     0x6  Code  Gb  stm32f10x_gpio.o [1]
HEAP$$Base              0x20001850           --   Gb  - Linker created -
HEAP$$Limit             0x20001850           --   Gb  - Linker created -
I2C1_ER_IRQHandler      0x0800903d          Code  Wk  start_iar.o [1]
I2C1_EV_IRQHandler      0x08009039          Code  Wk  start_iar.o [1]
I2C2_ER_IRQHandler      0x08009045          Code  Wk  start_iar.o [1]
I2C2_EV_IRQHandler      0x08009041          Code  Wk  start_iar.o [1]
MemManage_Handler       0x08008e9b     0x2  Code  Gb  stm32f10x_it.o [1]
NMI_Handler             0x08008e99     0x2  Code  Gb  stm32f10x_it.o [1]
NVIC_Configuration      0x080087f9    0x24  Code  Lc  usart.o [1]
NVIC_Init               0x08008977    0x66  Code  Gb  misc.o [1]
NVIC_PriorityGroupConfig
                        0x0800896d     0xa  Code  Gb  misc.o [1]
NVIC_SetPriority        0x08008d65    0x22  Code  Lc  board.o [1]
OP_add_byte             0x08004fbf    0x30  Code  Gb  finsh_ops.o [1]
OP_add_dword            0x0800501f    0x30  Code  Gb  finsh_ops.o [1]
OP_add_word             0x08004fef    0x30  Code  Gb  finsh_ops.o [1]
OP_and_byte             0x080052a7    0x30  Code  Gb  finsh_ops.o [1]
OP_and_dword            0x08005307    0x30  Code  Gb  finsh_ops.o [1]
OP_and_word             0x080052d7    0x30  Code  Gb  finsh_ops.o [1]
OP_bw_byte              0x08005457    0x18  Code  Gb  finsh_ops.o [1]
OP_bw_dword             0x08005487    0x18  Code  Gb  finsh_ops.o [1]
OP_bw_word              0x0800546f    0x18  Code  Gb  finsh_ops.o [1]
OP_call                 0x0800580b   0x28e  Code  Gb  finsh_ops.o [1]
OP_div_byte             0x080050df    0x32  Code  Gb  finsh_ops.o [1]
OP_div_dword            0x08005143    0x32  Code  Gb  finsh_ops.o [1]
OP_div_word             0x08005111    0x32  Code  Gb  finsh_ops.o [1]
OP_ld_byte              0x080055bf    0x2e  Code  Gb  finsh_ops.o [1]
OP_ld_dword             0x08005627    0x52  Code  Gb  finsh_ops.o [1]
OP_ld_value_byte        0x08005679    0x54  Code  Gb  finsh_ops.o [1]
OP_ld_value_byte_stack  0x080056cd    0x18  Code  Gb  finsh_ops.o [1]
OP_ld_value_dword       0x0800574f    0x42  Code  Gb  finsh_ops.o [1]
OP_ld_value_dword_stack
                        0x08005791    0x14  Code  Gb  finsh_ops.o [1]
OP_ld_value_word        0x080056e5    0x54  Code  Gb  finsh_ops.o [1]
OP_ld_value_word_stack  0x08005739    0x16  Code  Gb  finsh_ops.o [1]
OP_ld_word              0x080055ed    0x3a  Code  Gb  finsh_ops.o [1]
OP_mod_byte             0x08005175    0x36  Code  Gb  finsh_ops.o [1]
OP_mod_dword            0x080051e1    0x36  Code  Gb  finsh_ops.o [1]
OP_mod_word             0x080051ab    0x36  Code  Gb  finsh_ops.o [1]
OP_mul_byte             0x08005217    0x30  Code  Gb  finsh_ops.o [1]
OP_mul_dword            0x08005277    0x30  Code  Gb  finsh_ops.o [1]
OP_mul_word             0x08005247    0x30  Code  Gb  finsh_ops.o [1]
OP_no_op                0x08004fbd     0x2  Code  Gb  finsh_ops.o [1]
OP_or_byte              0x08005337    0x30  Code  Gb  finsh_ops.o [1]
OP_or_dword             0x08005397    0x30  Code  Gb  finsh_ops.o [1]
OP_or_word              0x08005367    0x30  Code  Gb  finsh_ops.o [1]
OP_pop                  0x080057ff     0xc  Code  Gb  finsh_ops.o [1]
OP_shl_byte             0x0800549f    0x30  Code  Gb  finsh_ops.o [1]
OP_shl_dword            0x080054ff    0x30  Code  Gb  finsh_ops.o [1]
OP_shl_word             0x080054cf    0x30  Code  Gb  finsh_ops.o [1]
OP_shr_byte             0x0800552f    0x30  Code  Gb  finsh_ops.o [1]
OP_shr_dword            0x0800558f    0x30  Code  Gb  finsh_ops.o [1]
OP_shr_word             0x0800555f    0x30  Code  Gb  finsh_ops.o [1]
OP_st_byte              0x080057a5    0x1e  Code  Gb  finsh_ops.o [1]
OP_st_dword             0x080057e1    0x1e  Code  Gb  finsh_ops.o [1]
OP_st_word              0x080057c3    0x1e  Code  Gb  finsh_ops.o [1]
OP_sub_byte             0x0800504f    0x30  Code  Gb  finsh_ops.o [1]
OP_sub_dword            0x080050af    0x30  Code  Gb  finsh_ops.o [1]
OP_sub_word             0x0800507f    0x30  Code  Gb  finsh_ops.o [1]
OP_xor_byte             0x080053c7    0x30  Code  Gb  finsh_ops.o [1]
OP_xor_dword            0x08005427    0x30  Code  Gb  finsh_ops.o [1]
OP_xor_word             0x080053f7    0x30  Code  Gb  finsh_ops.o [1]
OTG_FS_IRQHandler       0x080090c9          Code  Wk  start_iar.o [1]
OTG_FS_WKUP_IRQHandler  0x08009065          Code  Wk  start_iar.o [1]
PVD_IRQHandler          0x08008fc1          Code  Wk  start_iar.o [1]
RCC_APB1PeriphClockCmd  0x08008485    0x20  Code  Gb  stm32f10x_rcc.o [1]
RCC_APB2PeriphClockCmd  0x08008465    0x20  Code  Gb  stm32f10x_rcc.o [1]
RCC_Configuration       0x0800877d    0x20  Code  Lc  usart.o [1]
RCC_GetClocksFreq       0x080083a5    0xc0  Code  Gb  stm32f10x_rcc.o [1]
RCC_IRQHandler          0x08008fd1          Code  Wk  start_iar.o [1]
RTCAlarm_IRQHandler     0x08009061          Code  Wk  start_iar.o [1]
RTC_IRQHandler          0x08008fc9          Code  Wk  start_iar.o [1]
Region$$Table$$Base     0x08008efc           --   Gb  - Linker created -
Region$$Table$$Limit    0x08008f20           --   Gb  - Linker created -
SDIO_IRQHandler         0x08009081          Code  Wk  start_iar.o [1]
SPI1_IRQHandler         0x08009049          Code  Wk  start_iar.o [1]
SPI2_IRQHandler         0x0800904d          Code  Wk  start_iar.o [1]
SPI3_IRQHandler         0x08009089          Code  Wk  start_iar.o [1]
SVC_Handler             0x08008ea1     0x2  Code  Gb  stm32f10x_it.o [1]
SetSysClock             0x08008675     0x8  Code  Lc  system_stm32f10x.o [1]
SetSysClockTo72         0x0800867d    0xe0  Code  Lc  system_stm32f10x.o [1]
SysTick_Config          0x08008d87    0x30  Code  Lc  board.o [1]
SystemCoreClock         0x200000e0     0x4  Data  Gb  system_stm32f10x.o [1]
SystemInit              0x08008621    0x54  Code  Gb  system_stm32f10x.o [1]
SystemInit_ExtMemCtl    0x08008f21          Code  Wk  start_iar.o [1]
TAMPER_IRQHandler       0x08008fc5          Code  Wk  start_iar.o [1]
TIM1_BRK_IRQHandler     0x0800901d          Code  Wk  start_iar.o [1]
TIM1_CC_IRQHandler      0x08009029          Code  Wk  start_iar.o [1]
TIM1_TRG_COM_IRQHandler
                        0x08009025          Code  Wk  start_iar.o [1]
TIM1_UP_IRQHandler      0x08009021          Code  Wk  start_iar.o [1]
TIM2_IRQHandler         0x0800902d          Code  Wk  start_iar.o [1]
TIM3_IRQHandler         0x08009031          Code  Wk  start_iar.o [1]
TIM4_IRQHandler         0x08009035          Code  Wk  start_iar.o [1]
TIM5_IRQHandler         0x08009085          Code  Wk  start_iar.o [1]
TIM6_IRQHandler         0x08009095          Code  Wk  start_iar.o [1]
TIM7_IRQHandler         0x08009099          Code  Wk  start_iar.o [1]
TIM8_BRK_IRQHandler     0x08009069          Code  Wk  start_iar.o [1]
TIM8_CC_IRQHandler      0x08009075          Code  Wk  start_iar.o [1]
TIM8_TRG_COM_IRQHandler
                        0x08009071          Code  Wk  start_iar.o [1]
TIM8_UP_IRQHandler      0x0800906d          Code  Wk  start_iar.o [1]
UART4_IRQHandler        0x08008eb7    0x12  Code  Gb  stm32f10x_it.o [1]
UART5_IRQHandler        0x08009091          Code  Wk  start_iar.o [1]
USART1_IRQHandler       0x08008ea5    0x12  Code  Gb  stm32f10x_it.o [1]
USART2_IRQHandler       0x08009055          Code  Wk  start_iar.o [1]
USART3_IRQHandler       0x08009059          Code  Wk  start_iar.o [1]
USART_ClearITPendingBit
                        0x08008365    0x22  Code  Gb  stm32f10x_usart.o [1]
USART_Cmd               0x080082e5    0x1c  Code  Gb  stm32f10x_usart.o [1]
USART_GetITStatus       0x08008301    0x64  Code  Gb  stm32f10x_usart.o [1]
USART_Init              0x08008221    0xbe  Code  Gb  stm32f10x_usart.o [1]
USB_HP_CAN1_TX_IRQHandler
                        0x08009009          Code  Wk  start_iar.o [1]
USB_LP_CAN1_RX0_IRQHandler
                        0x0800900d          Code  Wk  start_iar.o [1]
UsageFault_Handler      0x08008e9f     0x2  Code  Gb  stm32f10x_it.o [1]
VSymTab$$Base           0x08008f88           --   Gb  - Linker created -
VSymTab$$Limit          0x08008f98           --   Gb  - Linker created -
WWDG_IRQHandler         0x08008fbd          Code  Wk  start_iar.o [1]
_LocaleC_isalpha        0x08007a5d    0x22  Code  Gb  finsh_token.o [1]
_LocaleC_islower        0x08007ae5    0x10  Code  Gb  finsh_token.o [1]
_LocaleC_isupper        0x08007af5    0x10  Code  Gb  finsh_token.o [1]
__aeabi_errno_addr      0x08007ad9     0x6  Code  Gb  errno.o [3]
__aeabi_memcpy          0x08002fb9          Code  Gb  ABImemcpy.o [4]
__aeabi_memcpy4         0x08002fd3          Code  Gb  ABImemcpy.o [4]
__aeabi_memcpy8         0x08002fd3          Code  Gb  ABImemcpy.o [4]
__aeabi_memset          0x08001bb5          Code  Gb  ABImemset.o [4]
__cmain                 0x08008f3d          Code  Gb  cmain.o [4]
__exit                  0x08008f69          Code  Gb  XXexit.o [4]
__fsym_fun_a            0x08008cb0     0xc  Data  Gb  application.o [1]
__fsym_fun_a_desc       0x08008600     0xc  Data  Gb  application.o [1]
__fsym_fun_a_name       0x080085f8     0x8  Data  Gb  application.o [1]
__fsym_fun_b            0x08008cbc     0xc  Data  Gb  application.o [1]
__fsym_fun_b_desc       0x08008614     0xc  Data  Gb  application.o [1]
__fsym_fun_b_name       0x0800860c     0x8  Data  Gb  application.o [1]
__fsym_hello            0x08008cc8     0xc  Data  Gb  cmd.o [1]
__fsym_hello_desc       0x080027a4    0x10  Data  Gb  cmd.o [1]
__fsym_hello_name       0x0800279c     0x8  Data  Gb  cmd.o [1]
__fsym_list             0x08008d4c     0xc  Data  Gb  cmd.o [1]
__fsym_list_desc        0x0800293c    0x1c  Data  Gb  cmd.o [1]
__fsym_list_device      0x08008d40     0xc  Data  Gb  cmd.o [1]
__fsym_list_device_desc
                        0x0800291c    0x18  Data  Gb  cmd.o [1]
__fsym_list_device_name
                        0x08002910     0xc  Data  Gb  cmd.o [1]
__fsym_list_event       0x08008cf8     0xc  Data  Gb  cmd.o [1]
__fsym_list_event_desc  0x0800282c    0x18  Data  Gb  cmd.o [1]
__fsym_list_event_name  0x08002820     0xc  Data  Gb  cmd.o [1]
__fsym_list_mailbox     0x08008d10     0xc  Data  Gb  cmd.o [1]
__fsym_list_mailbox_desc
                        0x08002878    0x18  Data  Gb  cmd.o [1]
__fsym_list_mailbox_name
                        0x08002868    0x10  Data  Gb  cmd.o [1]
__fsym_list_mem         0x08008d58     0xc  Data  Gb  mem.o [1]
__fsym_list_mem_desc    0x080047a0    0x20  Data  Gb  mem.o [1]
__fsym_list_mem_name    0x08004794     0xc  Data  Gb  mem.o [1]
__fsym_list_mempool     0x08008d28     0xc  Data  Gb  cmd.o [1]
__fsym_list_mempool_desc
                        0x080028d0    0x1c  Data  Gb  cmd.o [1]
__fsym_list_mempool_name
                        0x080028c0    0x10  Data  Gb  cmd.o [1]
__fsym_list_msgqueue    0x08008d1c     0xc  Data  Gb  cmd.o [1]
__fsym_list_msgqueue_desc
                        0x080028a0    0x20  Data  Gb  cmd.o [1]
__fsym_list_msgqueue_name
                        0x08002890    0x10  Data  Gb  cmd.o [1]
__fsym_list_mutex       0x08008d04     0xc  Data  Gb  cmd.o [1]
__fsym_list_mutex_desc  0x08002850    0x18  Data  Gb  cmd.o [1]
__fsym_list_mutex_name  0x08002844     0xc  Data  Gb  cmd.o [1]
__fsym_list_name        0x08002934     0x8  Data  Gb  cmd.o [1]
__fsym_list_sem         0x08008cec     0xc  Data  Gb  cmd.o [1]
__fsym_list_sem_desc    0x08002804    0x1c  Data  Gb  cmd.o [1]
__fsym_list_sem_name    0x080027f8     0xc  Data  Gb  cmd.o [1]
__fsym_list_thread      0x08008ce0     0xc  Data  Gb  cmd.o [1]
__fsym_list_thread_desc
                        0x080027ec     0xc  Data  Gb  cmd.o [1]
__fsym_list_thread_name
                        0x080027e0     0xc  Data  Gb  cmd.o [1]
__fsym_list_timer       0x08008d34     0xc  Data  Gb  cmd.o [1]
__fsym_list_timer_desc  0x080028f8    0x18  Data  Gb  cmd.o [1]
__fsym_list_timer_name  0x080028ec     0xc  Data  Gb  cmd.o [1]
__fsym_version          0x08008cd4     0xc  Data  Gb  cmd.o [1]
__fsym_version_desc     0x080027bc    0x24  Data  Gb  cmd.o [1]
__fsym_version_name     0x080027b4     0x8  Data  Gb  cmd.o [1]
__iar_Errno             0x20001644     0x4  Data  Gb  errno.o [3]
__iar_Memchr            0x08007a81          Code  Gb  memchr.o [4]
__iar_Memset            0x08001bb5          Code  Gb  ABImemset.o [4]
__iar_Memset_word       0x08001bbd          Code  Gb  ABImemset.o [4]
__iar_Stoul             0x08007a07     0x4  Code  Gb  xstoul.o [3]
__iar_Stoulx            0x080078e1   0x126  Code  Gb  xstoul.o [3]
__iar_copy_init3        0x08001c1b    0x2e  Code  Gb  copy_init3.o [4]
__iar_data_init3        0x08008ed1    0x2c  Code  Gb  data_init3.o [4]
__iar_dlib_perthread_access
                        0x08007b05     0x2  Code  Gb  xtls.o [3]
__iar_program_start     0x08008f99          Code  Gb  cstartup_M.o [4]
__iar_zero_init3        0x0800305f    0x22  Code  Gb  zero_init3.o [4]
__low_level_init        0x08008f23          Code  Gb  start_iar.o [1]
__vector_table          0x08000000          Data  Gb  start_iar.o [1]
__vsym_dummy            0x08008f88    0x10  Data  Gb  cmd.o [1]
__vsym_dummy_desc       0x08002960    0x1c  Data  Gb  cmd.o [1]
__vsym_dummy_name       0x08002958     0x8  Data  Gb  cmd.o [1]
_call_main              0x08008f49          Code  Gb  cmain.o [4]
_console_device         0x20000b2c     0x4  Data  Lc  kservice.o [1]
_exit                   0x08008f5d          Code  Gb  cexit.o [4]
_list_device            0x0800200d    0x46  Code  Lc  cmd.o [1]
_list_event             0x08001da5    0x3c  Code  Lc  cmd.o [1]
_list_mailbox           0x08001e39    0x74  Code  Lc  cmd.o [1]
_list_mempool           0x08001f31    0x68  Code  Lc  cmd.o [1]
_list_msgqueue          0x08001eb9    0x6e  Code  Lc  cmd.o [1]
_list_mutex             0x08001ded    0x40  Code  Lc  cmd.o [1]
_list_sem               0x08001d2b    0x6e  Code  Lc  cmd.o [1]
_list_thread            0x08001c61    0x98  Code  Lc  cmd.o [1]
_list_timer             0x08001fa3    0x5a  Code  Lc  cmd.o [1]
_main                   0x08008f4f          Code  Gb  cmain.o [4]
_rt_scheduler_stack_check
                        0x08004871    0x6c  Code  Lc  scheduler.o [1]
_rt_thread_init         0x08003081    0xae  Code  Lc  thread.o [1]
_rt_timer_init          0x080039b5    0x20  Code  Lc  timer.o [1]
_syscall_table_begin    0x200015a0     0x4  Data  Gb  symbol.o [1]
_syscall_table_end      0x200015a4     0x4  Data  Gb  symbol.o [1]
_sysvar_table_begin     0x200015a8     0x4  Data  Gb  symbol.o [1]
_sysvar_table_end       0x200015ac     0x4  Data  Gb  symbol.o [1]
allocate_list           0x20000604     0x4  Data  Lc  finsh_heap.o [1]
atoi                    0x080075d1     0x8  Code  Gb  atoi.o [3]
digits                  0x08007a0c    0x28  Data  Lc  xstoul.o [3]
divide                  0x0800362d    0x32  Code  Gb  kservice.o [1]
dummy                   0x20000574     0x4  Data  Lc  cmd.o [1]
errno                   0x20000b28     0x4  Data  Gb  kservice.o [1]
exit                    0x08008f53     0x8  Code  Gb  exit.o [3]
finsh_auto_complete     0x08006f7d    0x1c  Code  Gb  shell.o [1]
finsh_block_insert      0x080077a9    0x3a  Code  Lc  finsh_heap.o [1]
finsh_block_merge       0x0800781f    0x7e  Code  Lc  finsh_heap.o [1]
finsh_block_remove      0x080077e3    0x26  Code  Lc  finsh_heap.o [1]
finsh_block_split       0x08007809    0x16  Code  Lc  finsh_heap.o [1]
finsh_compile           0x08000151  0x175a  Code  Lc  finsh_compiler.o [1]
finsh_compile_pc        0x2000057c     0x4  Data  Gb  finsh_compiler.o [1]
finsh_compile_sp        0x20000578     0x4  Data  Gb  finsh_compiler.o [1]
finsh_compiler_run      0x08001a17    0x58  Code  Gb  finsh_compiler.o [1]
finsh_errno             0x08001a93     0x6  Code  Gb  finsh_error.o [1]
finsh_error_init        0x08001a81     0xa  Code  Gb  finsh_error.o [1]
finsh_error_set         0x08001a8b     0x8  Code  Gb  finsh_error.o [1]
finsh_error_string      0x08001a99     0xa  Code  Gb  finsh_error.o [1]
finsh_error_string_table
                        0x20000000    0x3c  Data  Lc  finsh_error.o [1]
finsh_flush             0x080078c1    0x12  Code  Gb  finsh_init.o [1]
finsh_handle_history    0x08007031   0x124  Code  Gb  shell.o [1]
finsh_heap              0x20000580    0x80  Data  Gb  finsh_heap.o [1]
finsh_heap_allocate     0x080076b9    0x74  Code  Gb  finsh_heap.o [1]
finsh_heap_free         0x0800772d    0x20  Code  Gb  finsh_heap.o [1]
finsh_heap_gc           0x0800774d    0x4a  Code  Lc  finsh_heap.o [1]
finsh_heap_init         0x0800768d    0x2c  Code  Gb  finsh_heap.o [1]
finsh_init              0x0800789d    0x1a  Code  Gb  finsh_init.o [1]
finsh_name_table        0x08006c48    0x40  Data  Lc  finsh_token.o [1]
finsh_node_allocate     0x08006c9b    0x34  Code  Gb  finsh_node.o [1]
finsh_node_init         0x08006c89    0x12  Code  Gb  finsh_node.o [1]
finsh_node_new_char     0x08006d51    0x1c  Code  Gb  finsh_node.o [1]
finsh_node_new_id       0x08006cd5    0x7c  Code  Gb  finsh_node.o [1]
finsh_node_new_int      0x08006d6d    0x1c  Code  Gb  finsh_node.o [1]
finsh_node_new_long     0x08006d89    0x1c  Code  Gb  finsh_node.o [1]
finsh_node_new_ptr      0x08006ded    0x1c  Code  Gb  finsh_node.o [1]
finsh_node_new_string   0x08006da5    0x48  Code  Gb  finsh_node.o [1]
finsh_parser_init       0x080064d3     0xe  Code  Gb  finsh_parser.o [1]
finsh_parser_run        0x080063f3    0xe0  Code  Gb  finsh_parser.o [1]
finsh_pc                0x20000990     0x4  Data  Gb  finsh_vm.o [1]
finsh_push_history      0x08007155    0xa0  Code  Gb  shell.o [1]
finsh_run_line          0x08006f99    0x90  Code  Gb  shell.o [1]
finsh_rx_ind            0x08006ebd    0x3a  Code  Lc  shell.o [1]
finsh_set_device        0x08006ef7    0x86  Code  Gb  shell.o [1]
finsh_sp                0x2000098c     0x4  Data  Gb  finsh_vm.o [1]
finsh_stack_bottom      0x080078b7     0x6  Code  Gb  finsh_init.o [1]
finsh_syscall_lookup    0x0800761b    0x4e  Code  Gb  finsh_vm.o [1]
finsh_system_function_init
                        0x08007413     0xa  Code  Gb  shell.o [1]
finsh_system_init       0x08007427    0x7e  Code  Gb  shell.o [1]
finsh_system_var_init   0x0800741d     0xa  Code  Gb  shell.o [1]
finsh_sysvar_lookup     0x08006593    0x4c  Code  Gb  finsh_var.o [1]
finsh_thread            0x20000d1c    0x80  Data  Lc  shell.o [1]
finsh_thread_entry      0x080071f5   0x21e  Code  Gb  shell.o [1]
finsh_thread_stack      0x20000d9c   0x800  Data  Lc  shell.o [1]
finsh_token_init        0x080065f1    0x16  Code  Gb  finsh_token.o [1]
finsh_token_token       0x08006607    0x1a  Code  Gb  finsh_token.o [1]
finsh_type_check        0x080018ab   0x16c  Code  Lc  finsh_compiler.o [1]
finsh_var_init          0x080064e1    0x10  Code  Gb  finsh_var.o [1]
finsh_var_insert        0x080064f1    0x6e  Code  Gb  finsh_var.o [1]
finsh_var_lookup        0x0800655f    0x34  Code  Gb  finsh_var.o [1]
finsh_vm_run            0x080075e1    0x3a  Code  Gb  finsh_vm.o [1]
finsh_vm_stack          0x2000080c   0x100  Data  Gb  finsh_vm.o [1]
free_list               0x20000600     0x4  Data  Lc  finsh_heap.o [1]
fun_a                   0x0800855d    0x16  Code  Gb  application.o [1]
fun_b                   0x08008573    0x16  Code  Gb  application.o [1]
global_errno            0x2000164a     0x1  Data  Gb  finsh_error.o [1]
global_node_table       0x20000608   0x140  Data  Gb  finsh_node.o [1]
global_syscall_list     0x20000994     0x4  Data  Gb  finsh_vm.o [1]
global_sysvar_list      0x20000808     0x4  Data  Gb  finsh_var.o [1]
global_variable         0x20000748    0xc0  Data  Gb  finsh_var.o [1]
heap_end                0x20000bbc     0x4  Data  Lc  mem.o [1]
heap_ptr                0x20000bb8     0x4  Data  Lc  mem.o [1]
heap_sem                0x20000bc4    0x20  Data  Lc  mem.o [1]
hello                   0x08001c49     0xe  Code  Gb  cmd.o [1]
idle                    0x20000998    0x80  Data  Lc  idle.o [1]
isalpha                 0x080075d9     0x8  Code  Gb  finsh_token.o [1]
lfree                   0x20000bc0     0x4  Data  Lc  mem.o [1]
list                    0x08002065    0x7c  Code  Gb  cmd.o [1]
list_device             0x08002053     0xa  Code  Gb  cmd.o [1]
list_event              0x08001de1     0xc  Code  Gb  cmd.o [1]
list_mailbox            0x08001ead     0xc  Code  Gb  cmd.o [1]
list_mem                0x0800449b    0x28  Code  Gb  mem.o [1]
list_mempool            0x08001f99     0xa  Code  Gb  cmd.o [1]
list_msgqueue           0x08001f27     0xa  Code  Gb  cmd.o [1]
list_mutex              0x08001e2d     0xc  Code  Gb  cmd.o [1]
list_prefix             0x08002105   0x136  Code  Gb  cmd.o [1]
list_sem                0x08001d99     0xc  Code  Gb  cmd.o [1]
list_thread             0x08001cf9     0xc  Code  Gb  cmd.o [1]
list_timer              0x08001ffd     0xa  Code  Gb  cmd.o [1]
main                    0x08008e81    0x10  Code  Gb  startup.o [1]
make_sys_node           0x080063d1    0x22  Code  Lc  finsh_parser.o [1]
max_mem                 0x20000bec     0x4  Data  Lc  mem.o [1]
mem_size_aligned        0x20000be4     0x4  Data  Lc  mem.o [1]
memchr                  0x08007a81          Code  Gb  memchr.o [4]
memcpy                  0x080078d3     0xe  Code  Gb  shell.o [1]
memset                  0x08001ba1    0x14  Code  Gb  shell.o [1]
ndigs                   0x08007a34    0x28  Data  Lc  xstoul.o [3]
op_table                0x08005aa0    0xc4  Data  Gb  finsh_ops.o [1]
plug_holes              0x08003f95   0x104  Code  Lc  mem.o [1]
print_number            0x08002a6f   0x128  Code  Lc  kservice.o [1]
proc_additive_expr      0x08006051    0x70  Code  Lc  finsh_parser.o [1]
proc_and_expr           0x08005f99    0x46  Code  Lc  finsh_parser.o [1]
proc_assign_expr        0x08005edb    0x32  Code  Lc  finsh_parser.o [1]
proc_cast_expr          0x0800614b    0x48  Code  Lc  finsh_parser.o [1]
proc_exclusive_or_expr  0x08005f53    0x46  Code  Lc  finsh_parser.o [1]
proc_expr               0x08005ed3     0x8  Code  Lc  finsh_parser.o [1]
proc_expr_statement     0x08005e9b    0x38  Code  Lc  finsh_parser.o [1]
proc_identifier         0x08005e6f    0x2c  Code  Lc  finsh_parser.o [1]
proc_inclusive_or_expr  0x08005f0d    0x46  Code  Lc  finsh_parser.o [1]
proc_multiplicative_expr
                        0x080060c1    0x8a  Code  Lc  finsh_parser.o [1]
proc_param_list         0x08006387    0x4a  Code  Lc  finsh_parser.o [1]
proc_postfix_expr       0x08006253    0x9e  Code  Lc  finsh_parser.o [1]
proc_primary_expr       0x080062f1    0x96  Code  Lc  finsh_parser.o [1]
proc_shift_expr         0x08005fdf    0x72  Code  Lc  finsh_parser.o [1]
proc_type               0x08005d61   0x10e  Code  Lc  finsh_parser.o [1]
proc_unary_expr         0x08006193    0xc0  Code  Lc  finsh_parser.o [1]
proc_variable_decl      0x08005b65   0x1fc  Code  Lc  finsh_parser.o [1]
rt_application_init     0x080084fd    0x50  Code  Gb  application.o [1]
rt_console_set_device   0x08002e31    0x32  Code  Gb  kservice.o [1]
rt_current_priority     0x2000164c     0x1  Data  Gb  scheduler.o [1]
rt_current_thread       0x20000d08     0x4  Data  Gb  scheduler.o [1]
rt_device_close         0x080037cf    0x4c  Code  Gb  device.o [1]
rt_device_find          0x080036e5    0x50  Code  Gb  device.o [1]
rt_device_init_all      0x080036a1    0x44  Code  Gb  device.o [1]
rt_device_open          0x08003739    0x96  Code  Gb  device.o [1]
rt_device_read          0x0800381b    0x52  Code  Gb  device.o [1]
rt_device_register      0x08003681    0x20  Code  Gb  device.o [1]
rt_device_set_rx_indicate
                        0x080038bf    0x32  Code  Gb  device.o [1]
rt_device_write         0x0800386d    0x52  Code  Gb  device.o [1]
rt_enter_critical       0x08004b11    0x16  Code  Gb  scheduler.o [1]
rt_exit_critical        0x08004b27    0x30  Code  Gb  scheduler.o [1]
rt_free                 0x080043a7    0xf4  Code  Gb  mem.o [1]
rt_free_hook            0x20000bb4     0x4  Data  Lc  mem.o [1]
rt_hw_board_init        0x08008dc7    0x22  Code  Gb  board.o [1]
rt_hw_console_output    0x08002e63     0x2  Code  Wk  kservice.o [1]
rt_hw_context_switch    0x080047cf          Code  Gb  context_iar.o [1]
rt_hw_context_switch_interrupt
                        0x080047cf          Code  Gb  context_iar.o [1]
rt_hw_context_switch_to
                        0x08004829          Code  Gb  context_iar.o [1]
rt_hw_hard_fault        0x08008f75          Code  Gb  fault_iar.o [1]
rt_hw_hard_fault_exception
                        0x080089f1    0x66  Code  Gb  fault.o [1]
rt_hw_interrupt_disable
                        0x080047c1          Code  Gb  context_iar.o [1]
rt_hw_interrupt_enable  0x080047c9          Code  Gb  context_iar.o [1]
rt_hw_interrupt_thread_switch
                        0x08004853          Code  Gb  context_iar.o [1]
rt_hw_pend_sv           0x080047ed          Code  Gb  context_iar.o [1]
rt_hw_serial_isr        0x08007e8d    0xec  Code  Gb  serial.o [1]
rt_hw_serial_register   0x08007ddf    0x8c  Code  Gb  serial.o [1]
rt_hw_stack_init        0x08003ccf    0x64  Code  Gb  stack.o [1]
rt_hw_timer_handler     0x08008db7    0x10  Code  Gb  board.o [1]
rt_hw_usart_init        0x0800881f    0x5c  Code  Gb  usart.o [1]
rt_interrupt_enter      0x08008e09    0x16  Code  Gb  irq.o [1]
rt_interrupt_from_thread
                        0x20000b1c     0x4  Data  Gb  interrupt.o [1]
rt_interrupt_leave      0x08008e1f    0x16  Code  Gb  irq.o [1]
rt_interrupt_nest       0x2000164b     0x1  Data  Gb  irq.o [1]
rt_interrupt_to_thread  0x20000b20     0x4  Data  Gb  interrupt.o [1]
rt_ipc_object_init      0x08004f3d     0xc  Code  Gb  ipc.o [1]
rt_ipc_object_resume    0x08004faf     0xe  Code  Gb  ipc.o [1]
rt_ipc_object_suspend   0x08004f49    0x66  Code  Gb  ipc.o [1]
rt_kprintf              0x08002e65    0x32  Code  Gb  kservice.o [1]
rt_list_init            0x08003cc9     0x6  Code  Gb  timer.o [1]
rt_list_insert_after    0x08004d55     0xe  Code  Gb  thread.o [1]
rt_list_insert_before   0x08004d75     0xe  Code  Gb  timer.o [1]
rt_list_isempty         0x08002f6d    0x10  Code  Gb  timer.o [1]
rt_list_len             0x08002f59    0x14  Code  Gb  cmd.o [1]
rt_list_remove          0x08004d63    0x12  Code  Gb  timer.o [1]
rt_lowest_bitmap        0x08004c54   0x100  Data  Gb  scheduler.o [1]
rt_malloc               0x08004151   0x256  Code  Gb  mem.o [1]
rt_malloc_hook          0x20000bb0     0x4  Data  Lc  mem.o [1]
rt_memset               0x08002995    0x52  Code  Gb  kservice.o [1]
rt_mp_alloc             0x08008135    0xac  Code  Gb  mempool.o [1]
rt_mp_alloc_hook        0x20000bf0     0x4  Data  Lc  mempool.o [1]
rt_mp_init              0x0800809d    0x98  Code  Gb  mempool.o [1]
rt_object_allocate      0x08003dcd    0x5c  Code  Gb  object.o [1]
rt_object_attach_hook   0x20000bf4     0x4  Data  Lc  object.o [1]
rt_object_container     0x2000003c    0x90  Data  Gb  object.o [1]
rt_object_delete        0x08003e29    0x7e  Code  Gb  object.o [1]
rt_object_detach        0x08003d7f    0x4e  Code  Gb  object.o [1]
rt_object_detach_hook   0x20000bf8     0x4  Data  Lc  object.o [1]
rt_object_init          0x08003d37    0x48  Code  Gb  object.o [1]
rt_object_is_systemobject
                        0x08003ea7    0x3c  Code  Gb  object.o [1]
rt_object_put_hook      0x20000c04     0x4  Data  Gb  object.o [1]
rt_object_take_hook     0x20000c00     0x4  Data  Gb  object.o [1]
rt_object_trytake_hook  0x20000bfc     0x4  Data  Gb  object.o [1]
rt_schedule             0x08004987    0xd0  Code  Gb  scheduler.o [1]
rt_schedule_insert_thread
                        0x08004a57    0x5c  Code  Gb  scheduler.o [1]
rt_schedule_remove_thread
                        0x08004ab3    0x5e  Code  Gb  scheduler.o [1]
rt_scheduler_hook       0x20000d18     0x4  Data  Lc  scheduler.o [1]
rt_scheduler_lock_nest  0x20001648     0x2  Data  Lc  scheduler.o [1]
rt_sem_init             0x08004d85    0x46  Code  Gb  ipc.o [1]
rt_sem_release          0x08004e8b    0x4e  Code  Gb  ipc.o [1]
rt_sem_take             0x08004dcb    0xc0  Code  Gb  ipc.o [1]
rt_serial_close         0x08007b97     0x4  Code  Lc  serial.o [1]
rt_serial_control       0x08007d7f    0x60  Code  Lc  serial.o [1]
rt_serial_enable_dma    0x08007c2f    0x44  Code  Lc  serial.o [1]
rt_serial_init          0x08007b09    0x8a  Code  Lc  serial.o [1]
rt_serial_open          0x08007b93     0x4  Code  Lc  serial.o [1]
rt_serial_read          0x08007b9b    0x94  Code  Lc  serial.o [1]
rt_serial_write         0x08007c73   0x10c  Code  Lc  serial.o [1]
rt_set_errno            0x0800297d    0x18  Code  Gb  kservice.o [1]
rt_show_version         0x08002a43    0x2c  Code  Gb  kservice.o [1]
rt_strlen               0x08002a33    0x10  Code  Gb  kservice.o [1]
rt_strncmp              0x08002a01    0x32  Code  Gb  kservice.o [1]
rt_strncpy              0x080029e7    0x1a  Code  Gb  kservice.o [1]
rt_system_heap_init     0x08004099    0xb8  Code  Gb  mem.o [1]
rt_system_object_init   0x08003d35     0x2  Code  Gb  object.o [1]
rt_system_scheduler_init
                        0x080048dd    0x36  Code  Gb  scheduler.o [1]
rt_system_scheduler_start
                        0x08004913    0x74  Code  Gb  scheduler.o [1]
rt_system_tick_init     0x08002f7d     0x8  Code  Gb  clock.o [1]
rt_system_timer_init    0x08003c15     0xa  Code  Gb  timer.o [1]
rt_thread_create        0x080031c1    0x5c  Code  Gb  thread.o [1]
rt_thread_defunct       0x20000d10     0x8  Data  Gb  scheduler.o [1]
rt_thread_delay         0x080033ad     0x8  Code  Gb  thread.o [1]
rt_thread_entry_led1    0x080084c1    0x1e  Code  Lc  application.o [1]
rt_thread_entry_led2    0x080084df    0x1e  Code  Gb  application.o [1]
rt_thread_exit          0x08003299    0x5e  Code  Lc  thread.o [1]
rt_thread_idle_entry    0x08008c4f    0x16  Code  Lc  idle.o [1]
rt_thread_idle_excute   0x08008be9    0x66  Code  Gb  idle.o [1]
rt_thread_idle_hook     0x20000b18     0x4  Data  Lc  idle.o [1]
rt_thread_idle_init     0x08008c65    0x2e  Code  Gb  idle.o [1]
rt_thread_init          0x0800312f    0x92  Code  Gb  thread.o [1]
rt_thread_priority_table
                        0x20000c08   0x100  Data  Gb  scheduler.o [1]
rt_thread_ready_priority_group
                        0x20000d0c     0x4  Data  Gb  scheduler.o [1]
rt_thread_resume        0x08003409    0x6a  Code  Gb  thread.o [1]
rt_thread_self          0x0800321d     0x8  Code  Gb  thread.o [1]
rt_thread_sleep         0x08003345    0x68  Code  Gb  thread.o [1]
rt_thread_stack         0x20000a18   0x100  Data  Lc  idle.o [1]
rt_thread_startup       0x08003225    0x74  Code  Gb  thread.o [1]
rt_thread_suspend       0x080033b5    0x54  Code  Gb  thread.o [1]
rt_thread_switch_interrput_flag
                        0x20000b24     0x4  Data  Gb  interrupt.o [1]
rt_thread_timeout       0x08003473    0x70  Code  Gb  thread.o [1]
rt_thread_yield         0x080032f7    0x4e  Code  Gb  thread.o [1]
rt_tick                 0x20000570     0x4  Data  Lc  clock.o [1]
rt_tick_get             0x08002f85     0x6  Code  Gb  clock.o [1]
rt_tick_increase        0x08002f8b    0x2a  Code  Gb  clock.o [1]
rt_timer_check          0x08003b99    0x7c  Code  Gb  timer.o [1]
rt_timer_control        0x08003b35    0x64  Code  Gb  timer.o [1]
rt_timer_detach         0x08003a29    0x46  Code  Gb  timer.o [1]
rt_timer_init           0x080039d5    0x54  Code  Gb  timer.o [1]
rt_timer_list           0x200015b0     0x8  Data  Lc  timer.o [1]
rt_timer_start          0x08003a6f    0xc6  Code  Gb  timer.o [1]
rt_timer_timeout_hook   0x200015b8     0x4  Data  Lc  timer.o [1]
rtthread_startup        0x08008e39    0x40  Code  Gb  startup.o [1]
shell                   0x2000159c     0x4  Data  Gb  shell.o [1]
show_wait_queue         0x08001d05    0x26  Code  Lc  cmd.o [1]
skip_atoi               0x0800365f    0x22  Code  Gb  kservice.o [1]
str_is_prefix           0x080020e1    0x24  Code  Lc  cmd.o [1]
strcmp                  0x08006ea1    0x1c  Code  Gb  shell.o [1]
strlen                  0x08003029          Code  Gb  strlen.o [4]
strncmp                 0x08006e75    0x2a  Code  Gb  strncmp.o [3]
strncpy                 0x08006e09          Code  Gb  strncpy.o [4]
text_segment            0x2000090c    0x80  Data  Gb  finsh_vm.o [1]
thread_led2             0x200004f0    0x80  Data  Gb  application.o [1]
thread_led2_stack       0x200000f0   0x400  Data  Gb  application.o [1]
token_get_string        0x08006621    0x7a  Code  Gb  finsh_token.o [1]
token_match_name        0x0800687d    0x36  Code  Lc  finsh_token.o [1]
token_next_char         0x0800669b    0x42  Code  Lc  finsh_token.o [1]
token_prev_char         0x080066dd    0x14  Code  Lc  finsh_token.o [1]
token_proc_char         0x080068d3    0xa6  Code  Lc  finsh_token.o [1]
token_proc_escape       0x080069c7    0xac  Code  Lc  finsh_token.o [1]
token_proc_number       0x08006a73   0x114  Code  Lc  finsh_token.o [1]
token_proc_string       0x08006979    0x4e  Code  Lc  finsh_token.o [1]
token_run               0x080066f1   0x18c  Code  Lc  finsh_token.o [1]
token_spec_number       0x08006b87    0x80  Code  Lc  finsh_token.o [1]
token_trim_space        0x080068b3    0x20  Code  Lc  finsh_token.o [1]
uart4                   0x200000e4     0xc  Data  Gb  usart.o [1]
uart4_device            0x20001604    0x40  Data  Gb  usart.o [1]
uart4_int_rx            0x200015bc    0x48  Data  Gb  usart.o [1]
used_mem                0x20000be8     0x4  Data  Lc  mem.o [1]
version                 0x08001c57     0xa  Code  Gb  cmd.o [1]
vsnprintf               0x08002b97   0x29a  Code  Lc  kservice.o [1]


[1] = X:\Rt_thread_OnStm32\kernel_finsh\Debug\Obj
[2] = command line
[3] = dl7M_tln.a
[4] = rt7M_tl.a

  36 596 bytes of readonly  code memory
     472 bytes of readonly  data memory
   6 224 bytes of readwrite data memory

Errors: none
Warnings: none
